// Jest Snapshot v1, https://goo.gl/fbAQLP

exports[`render Header component 1`] = `
<header
  className={undefined}
>
  <h1
    className={undefined}
  >
    React Fake Posts
  </h1>
</header>
`;
